[logipro.freevision.me/index.html]
[logipro.freevision.me/xmlrpc.php]
[backblue.gif]
[fade.gif]
[index.html]
[logipro.freevision.me/wp-content/themes/logistics/css/datetimepicker0133.css]
[logipro.freevision.me/wp-content/plugins/contact-form-7/includes/css/styles33a6.css]
[logipro.freevision.me/feed/index.html]
[logipro.freevision.me/comments/feed/index.html]
[logipro.freevision.me/wp-content/plugins/freevision-tracker/css/frontend0133.css]
[logipro.freevision.me/wp-content/plugins/revslider/public/assets/css/settings9d07.css]
[logipro.freevision.me/wp-content/plugins/js_composer/assets/css/js_composer.min1e39.css]
[logipro.freevision.me/wp-content/themes/logistics/style0133.css]
[logipro.freevision.me/wp-content/themes/logistics/css/primary-menu-classic0133.css]
[logipro.freevision.me/wp-content/themes/logistics/logistics0133.css]
[logipro.freevision.me/wp-content/themes/logistics/font/font.min0133.css]
[logipro.freevision.me/wp-content/themes/logistics/css/single-nav0133.css]
[logipro.freevision.me/wp-content/themes/logistics/scripts/fancybox/jquery.fancybox0133.css]
[logipro.freevision.me/wp-content/themes/logistics/css/flickity.min0133.css]
[logipro.freevision.me/wp-content/themes/logistics/css/animsition.min0133.css]
[logipro.freevision.me/wp-includes/js/jquery/jqueryb8ff.js]
[logipro.freevision.me/wp-includes/js/jquery/jquery-migrate.min330a.js]
[logipro.freevision.me/wp-content/plugins/mailchimp-widget/js/mailchimp-widget-min0133.js]
[logipro.freevision.me/wp-content/themes/logistics/scripts/datetimepicker/datetimepicker0133.js]
[logipro.freevision.me/wp-content/plugins/freevision-tracker/script/frontend0133.js]
[logipro.freevision.me/wp-content/plugins/revslider/public/assets/js/jquery.themepunch.tools.min9d07.js]
[logipro.freevision.me/wp-content/plugins/revslider/public/assets/js/jquery.themepunch.revolution.min9d07.js]
[logipro.freevision.me/wp-content/themes/logistics/scripts/modernizr0133.js]
[logipro.freevision.me/wp-json/index.html]
[logipro.freevision.me/xmlrpc0db0.php]
[logipro.freevision.me/wp-includes/wlwmanifest.xml]
[logipro.freevision.me/wp-json/oembed/1.0/embed1a3b.json]
[logipro.freevision.me/wp-json/oembed/1.0/embeda0c8]
[logipro.freevision.me/wp-content/themes/logistics/favico.gif]
[logipro.freevision.me/wp-content/uploads/2016/05/globe_schema-mina7a0.png]
[logipro.freevision.me/wp-content/themes/logistics/images/logo.png]
[logipro.freevision.me/wp-content/themes/logistics/images/telephone.svg]
[logipro.freevision.me/homepages/homepage-business/index.html]
[logipro.freevision.me/homepages/homepage-creative/index.html]
[logistics.freevision.me/wp-content/uploads/2017/04/services_slider_bg.png]
[logipro.freevision.me/wp-content/plugins/revslider/admin/assets/images/transparent.png]
[logipro.freevision.me/homepages/homepage-full-canvas/index.html]
[logipro.freevision.me/homepages/homepage-compact/index.html]
[logistics.freevision.me/wp-content/uploads/2017/04/shutterstock_81768646-min.png]
[logipro.freevision.me/homepages/homepage-boxed/index.html]
[logipro.freevision.me/homepages/homepage-video/index.html]
[logipro.freevision.me/company/index.html]
[logistics.freevision.me/wp-content/uploads/2017/04/shutterstock_414825082-min.png]
[logipro.freevision.me/company/at-a-glance/index.html]
[logipro.freevision.me/company/about-us/index.html]
[logistics.freevision.me/wp-content/uploads/2017/04/shutterstock_64576030-min.png]
[logipro.freevision.me/company/presidents-message/index.html]
[logipro.freevision.me/company/management-team/index.html]
[logistics.freevision.me/wp-content/uploads/2017/04/shutterstock_388136674-min.png]
[logipro.freevision.me/company/awards-accreditations/index.html]
[logipro.freevision.me/company/our-history/index.html]
[logistics.freevision.me/wp-content/uploads/2017/04/shutterstock_144149950-min.png]
[logipro.freevision.me/company/company-timeline/index.html]
[logipro.freevision.me/wp-content/plugins/frv-logistics-essentials/images/right-arrow.svg]
[logipro.freevision.me/company/our-clients/index.html]
[logipro.freevision.me/company/careers/index.html]
[logipro.freevision.me/company/testimonials/index.html]
[logipro.freevision.me/company/faqs/index.html]
[logipro.freevision.me/wp-content/uploads/2016/05/shutterstock_112338464-min.jpg]
[logipro.freevision.me/services/services-solutions/index.html]
[logipro.freevision.me/services/index.html]
[logipro.freevision.me/wp-content/uploads/2016/05/shutterstock_421583941-min.jpg]
[logipro.freevision.me/services/ground-freight-services/index.html]
[logipro.freevision.me/wp-content/uploads/2016/05/shutterstock_185659925-min.jpg]
[logipro.freevision.me/wp-content/uploads/2016/05/shutterstock_573099904-min.jpg]
[logipro.freevision.me/services/air-freight/index.html]
[logipro.freevision.me/services/ocean-freight/index.html]
[logipro.freevision.me/services/warehousing-distribution/index.html]
[logipro.freevision.me/wp-content/uploads/2016/05/shutterstock_248080228-min.jpg]
[logipro.freevision.me/services/customs-brokerage/index.html]
[logipro.freevision.me/wp-content/uploads/2016/05/picto01.png]
[logipro.freevision.me/wp-content/uploads/2016/05/shutterstock_516278854-min.jpg]
[logipro.freevision.me/wp-content/uploads/2016/05/shutterstock_248959315-min.jpg]
[logipro.freevision.me/services/value-added-services/index.html]
[logipro.freevision.me/wp-content/uploads/2016/05/shutterstock_71972782-min.jpg]
[logipro.freevision.me/wp-content/uploads/2016/05/shutterstock_429366730-min.jpg]
[logipro.freevision.me/wp-content/uploads/2016/05/shutterstock_366811265.png]
[logipro.freevision.me/wp-content/uploads/2016/05/shutterstock_100632271-min.jpg]
[logipro.freevision.me/services/vehicles-available/index.html]
[logipro.freevision.me/wp-content/uploads/2016/05/shutterstock_100713619-min.jpg]
[logipro.freevision.me/industries/index.html]
[logipro.freevision.me/wp-content/uploads/2016/05/shutterstock_102362437-min.jpg]
[logipro.freevision.me/industries/aerospace-logistics/index.html]
[logipro.freevision.me/wp-content/uploads/2016/05/shutterstock_380011633-min.jpg]
[logipro.freevision.me/industries/automotive-logistics/index.html]
[logipro.freevision.me/industries/retail-logistics/index.html]
[logipro.freevision.me/wp-content/plugins/mailchimp-widget/images/right-arrow.svg]
[logipro.freevision.me/industries/beverage-logistics/index.html]
[logipro.freevision.me/wp-content/uploads/2017/06/partner_logo1.png]
[logipro.freevision.me/industries/healthcare/index.html]
[logipro.freevision.me/wp-content/uploads/2017/06/partner_logo2.png]
[logipro.freevision.me/industries/electronics/index.html]
[logipro.freevision.me/industries/coming-soon-page/index.html]
[logipro.freevision.me/wp-content/uploads/2017/06/partner_logo3.png]
[logipro.freevision.me/wp-content/uploads/2017/06/partner_logo4.png]
[logipro.freevision.me/news-media/blog-regular/index.html]
[logipro.freevision.me/news-media/blog-regular-with-sidebar/index.html]
[logipro.freevision.me/news-media/blog-grid/index.html]
[logipro.freevision.me/news-media/masonry-blog/index.html]
[logipro.freevision.me/news-media/media-library-grid/index.html]
[logipro.freevision.me/wp-content/themes/logistics/images/up-arrow.svg]
[logipro.freevision.me/news-media/media-library-full-canvas/index.html]
[logipro.freevision.me/wp-content/themes/logistics/images/up-arrow-2.svg]
[logipro.freevision.me/contact/index.html]
[logipro.freevision.me/wp-content/plugins/js_composer/assets/lib/bower/animate-css/animate.min1e39.css]
[logipro.freevision.me/contact/contact-info/index.html]
[logipro.freevision.me/wp-content/plugins/js_composer/assets/css/lib/vc-material/vc_material.min1e39.css]
[logipro.freevision.me/contact/contact-alternate/index.html]
[logipro.freevision.me/wp-content/plugins/contact-form-7/includes/js/scripts33a6.js]
[logipro.freevision.me/contact/global-coverage/index.html]
[logipro.freevision.me/wp-content/themes/logistics/scripts/logistics-global-plugins.js]
[logipro.freevision.me/wp-content/themes/logistics/scripts/logistics.js]
[logipro.freevision.me/wp-content/themes/logistics/scripts/fancybox/jquery.fancybox.pack.js]
[logipro.freevision.me/contact/global-reach/index.html]
[logipro.freevision.me/wp-content/themes/logistics/scripts/fancybox/helpers/jquery.fancybox-media.js]
[logipro.freevision.me/contact/office-contact-page/index.html]
[logipro.freevision.me/wp-includes/js/wp-embed.min0133.js]
[www.google.com/recaptcha/api0133.js]
[logipro.freevision.me/logistics-announces-sea-changers-as-its-charity-of-the-london-boat-show/index.html]
[logipro.freevision.me/logistics-hamburg-warehousing-park-completed-on-schedule-and-ready-to-operate/index.html]
[logipro.freevision.me/following-the-opening-of-its-london-office-just-a-few-months-ago-worldwide-logistics-company/index.html]
[logipro.freevision.me/wp-content/plugins/js_composer/assets/js/dist/js_composer_front.min1e39.js]
[logipro.freevision.me/wp-content/plugins/js_composer/assets/lib/vc_waypoints/vc-waypoints.min1e39.js]
[logipro.freevision.me/wp-content/plugins/js_composer/assets/lib/bower/skrollr/dist/skrollr.min1e39.js]
[logipro.freevision.me/event/omnichannel-fulfillment-and-logistics-forum/index.html]
[logipro.freevision.me/event/werc-warehousing-education-and-research-council-conference/index.html]
[logipro.freevision.me/event/procurecon-indirect-east/index.html]
[s3.eu-central-1.amazonaws.com/themelogistics/profile/gear-option.png]
[logipro.freevision.me/index.html]
[logipro.freevision.me/event/air-cargo-handling-2023-ach-2023/index.html]
[logipro.freevision.me/xmlrpc.php]
[logipro.freevision.me/event/5th-pharma-biosciences-conference-2023-cca-2023/index.html]
[logipro.freevision.me/wp-content/themes/logistics/css/datetimepicker0133.css]
[logipro.freevision.me/event/retail-supply-chain-conference-2023/index.html]
[logipro.freevision.me/event/cargo-logistics-canada-expo-conference/index.html]
[logipro.freevision.me/event/national-retail-federation-annual-convention-expo/index.html]
[logipro.freevision.me/event/south-east-european-exhibition-and-congress-energy-efficiency-and-renewable-energy/index.html]
[logipro.freevision.me/wp-content/plugins/contact-form-7/images/ajax-loader.gif]
[logipro.freevision.me/wp-content/plugins/contact-form-7/includes/css/styles33a6.css]
[logipro.freevision.me/wp-content/plugins/freevision-tracker/css/frontend0133.css]
[logipro.freevision.me/event/supply-chain-innovation-summit-2023-china-focus/index.html]
[logipro.freevision.me/event/vci-fashion-luxury-supply-chain-leaders-round-table-2023/index.html]
[logipro.freevision.me/wp-content/plugins/revslider/public/assets/fonts/revicons/revicons90c6.eot]
[logipro.freevision.me/wp-content/plugins/revslider/public/assets/fonts/revicons/revicons90c6.woff]
[logipro.freevision.me/event/eurasia-rail-international-rolling-stock-infrastructure-and-logistics-exhibition-eurasia-rail-2023-exhibition/index.html]
[logipro.freevision.me/wp-content/plugins/revslider/public/assets/fonts/revicons/revicons90c6.ttf]
[logipro.freevision.me/wp-content/plugins/revslider/public/assets/fonts/revicons/revicons90c6.svg]
[logipro.freevision.me/wp-content/plugins/revslider/public/assets/css/openhand.cur]
[logipro.freevision.me/wp-content/plugins/revslider/public/assets/css/closedhand.cur]
[logipro.freevision.me/wp-content/plugins/revslider/public/assets/assets/gridtile.png]
[logipro.freevision.me/wp-content/plugins/revslider/public/assets/assets/gridtile_white.png]
[logipro.freevision.me/wp-content/plugins/revslider/public/assets/assets/gridtile_3x3.png]
[logipro.freevision.me/wp-content/plugins/revslider/public/assets/assets/gridtile_3x3_white.png]
[logipro.freevision.me/wp-content/plugins/revslider/public/assets/assets/coloredbg.png]
[logipro.freevision.me/wp-content/plugins/revslider/public/assets/assets/loader.gif]
[logipro.freevision.me/wp-content/plugins/revslider/public/assets/css/settings9d07.css]
[logipro.freevision.me/wp-content/plugins/js_composer/assets/vc/alert.png]
[logipro.freevision.me/wp-content/plugins/js_composer/assets/vc/info.png]
[logipro.freevision.me/wp-content/plugins/js_composer/assets/vc/tick.png]
[logipro.freevision.me/wp-content/plugins/js_composer/assets/vc/exclamation.png]
[logipro.freevision.me/wp-content/plugins/js_composer/assets/images/icons/address-book.png]
[logipro.freevision.me/wp-content/plugins/js_composer/assets/images/icons/alarm-clock.png]
[logipro.freevision.me/wp-content/plugins/js_composer/assets/images/icons/anchor.png]
[logipro.freevision.me/wp-content/plugins/js_composer/assets/images/icons/application-image.png]
[logipro.freevision.me/wp-content/plugins/js_composer/assets/images/icons/arrow.png]
[logipro.freevision.me/wp-content/plugins/js_composer/assets/images/icons/asterisk.png]
[logipro.freevision.me/wp-content/plugins/js_composer/assets/images/icons/auction-hammer.png]
[logipro.freevision.me/wp-content/plugins/js_composer/assets/images/icons/balloon.png]
[logipro.freevision.me/wp-content/plugins/js_composer/assets/images/icons/balloon-buzz.png]
[logipro.freevision.me/wp-content/plugins/js_composer/assets/images/icons/balloon-facebook.png]
[logipro.freevision.me/wp-content/plugins/js_composer/assets/images/icons/balloon-twitter.png]
[logipro.freevision.me/wp-content/plugins/js_composer/assets/images/icons/battery-full.png]
[logipro.freevision.me/wp-content/plugins/js_composer/assets/images/icons/binocular.png]
[logipro.freevision.me/wp-content/plugins/js_composer/assets/images/icons/blue-document-excel.png]
[logipro.freevision.me/wp-content/plugins/js_composer/assets/images/icons/blue-document-image.png]
[logipro.freevision.me/wp-content/plugins/js_composer/assets/images/icons/blue-document-music.png]
[logipro.freevision.me/wp-content/plugins/js_composer/assets/images/icons/blue-document-office.png]
[logipro.freevision.me/wp-content/plugins/js_composer/assets/images/icons/blue-document-pdf.png]
[logipro.freevision.me/wp-content/plugins/js_composer/assets/images/icons/blue-document-powerpoint.png]
[logipro.freevision.me/wp-content/plugins/js_composer/assets/images/icons/blue-document-word.png]
[logipro.freevision.me/wp-content/plugins/js_composer/assets/images/icons/bookmark.png]
[logipro.freevision.me/wp-content/plugins/js_composer/assets/images/icons/camcorder.png]
[logipro.freevision.me/wp-content/plugins/js_composer/assets/images/icons/camera.png]
[logipro.freevision.me/wp-content/plugins/js_composer/assets/images/icons/chart.png]
[logipro.freevision.me/wp-content/plugins/js_composer/assets/images/icons/chart-pie.png]
[logipro.freevision.me/wp-content/plugins/js_composer/assets/images/icons/clock.png]
[logipro.freevision.me/wp-content/plugins/js_composer/assets/images/icons/control.png]
[logipro.freevision.me/wp-content/plugins/js_composer/assets/images/icons/fire.png]
[logipro.freevision.me/wp-content/plugins/js_composer/assets/images/icons/heart.png]
[logipro.freevision.me/wp-content/plugins/js_composer/assets/images/icons/mail.png]
[logipro.freevision.me/wp-content/plugins/js_composer/assets/images/icons/plus-shield.png]
[logipro.freevision.me/wp-content/plugins/js_composer/assets/images/icons/video.png]
[logipro.freevision.me/wp-content/plugins/js_composer/assets/fonts/vc_icons_v2/fonts/vcpb-plugin-iconsb82a.eot]
[logipro.freevision.me/wp-content/plugins/js_composer/assets/fonts/vc_icons_v2/fonts/vcpb-plugin-iconsb82a.ttf]
[logipro.freevision.me/wp-content/plugins/js_composer/assets/fonts/vc_icons_v2/fonts/vcpb-plugin-iconsb82a.woff]
[logipro.freevision.me/wp-content/plugins/js_composer/assets/fonts/vc_icons_v2/fonts/vcpb-plugin-iconsb82a.svg]
[logipro.freevision.me/wp-content/plugins/js_composer/assets/images/toggle_open.png]
[logipro.freevision.me/wp-content/plugins/js_composer/assets/images/toggle_close.png]
[logipro.freevision.me/wp-content/plugins/js_composer/assets/images/flickr.png]
[logipro.freevision.me/wp-content/plugins/js_composer/assets/fonts/vc_grid/vc_grid_v157a1.eot]
[logipro.freevision.me/wp-content/plugins/js_composer/assets/fonts/vc_grid/vc_grid_v1d41d.eot]
[logipro.freevision.me/wp-content/plugins/js_composer/assets/fonts/vc_grid/vc_grid_v157a1.woff]
[logipro.freevision.me/wp-content/plugins/js_composer/assets/fonts/vc_grid/vc_grid_v157a1.ttf]
[logipro.freevision.me/wp-content/plugins/js_composer/assets/fonts/vc_grid/vc_grid_v157a1.svg]
[logipro.freevision.me/wp-content/plugins/js_composer/assets/images/spinner.gif]
[logipro.freevision.me/wp-content/plugins/js_composer/assets/vc/remove.png]
[logipro.freevision.me/wp-content/plugins/js_composer/assets/css/js_composer.min1e39.css]
[logipro.freevision.me/wp-content/themes/logistics/style0133.css]
[logipro.freevision.me/wp-content/themes/logistics/css/primary-menu-classic0133.css]
[logipro.freevision.me/wp-content/themes/logistics/font/mono/MonoSocialIconsFont-1.10.eot]
[logipro.freevision.me/wp-content/themes/logistics/font/mono/MonoSocialIconsFont-1.10d41d.eot]
[logipro.freevision.me/wp-content/themes/logistics/font/mono/MonoSocialIconsFont-1.10.woff]
[logipro.freevision.me/wp-content/themes/logistics/font/mono/MonoSocialIconsFont-1.10.ttf]
[logipro.freevision.me/wp-content/themes/logistics/font/mono/MonoSocialIconsFont-1.10.svg]
[logipro.freevision.me/wp-content/themes/logistics/images/video-pattern.png]
[logipro.freevision.me/wp-content/themes/logistics/logistics0133.css]
[logipro.freevision.me/wp-content/themes/logistics/font/ozy/fonts/ozythemes.eot]
[logipro.freevision.me/wp-content/themes/logistics/font/ozy/fonts/ozythemesd41d.eot]
[logipro.freevision.me/wp-content/themes/logistics/font/ozy/fonts/ozythemes.woff]
[logipro.freevision.me/wp-content/themes/logistics/font/ozy/fonts/ozythemes.ttf]
[logipro.freevision.me/wp-content/themes/logistics/font/ozy/fonts/ozythemes.svg]
[logipro.freevision.me/wp-content/themes/logistics/font/logistics1/Flaticon.eot]
[logipro.freevision.me/wp-content/themes/logistics/font/logistics1/Flaticond41d.eot]
[logipro.freevision.me/wp-content/themes/logistics/font/logistics1/Flaticon.woff]
[logipro.freevision.me/wp-content/themes/logistics/font/logistics1/Flaticon.ttf]
[logipro.freevision.me/wp-content/themes/logistics/font/logistics1/Flaticon.svg]
[logipro.freevision.me/wp-content/themes/logistics/font/logistics2/Flaticon.eot]
[logipro.freevision.me/wp-content/themes/logistics/font/logistics2/Flaticond41d.eot]
[logipro.freevision.me/wp-content/themes/logistics/font/logistics2/Flaticon.woff]
[logipro.freevision.me/wp-content/themes/logistics/font/logistics2/Flaticon.ttf]
[logipro.freevision.me/wp-content/themes/logistics/font/logistics2/Flaticon.svg]
[logipro.freevision.me/wp-content/themes/logistics/font/logistics3/Flaticon.eot]
[logipro.freevision.me/wp-content/themes/logistics/font/logistics3/Flaticond41d.eot]
[logipro.freevision.me/wp-content/themes/logistics/font/logistics3/Flaticon.woff]
[logipro.freevision.me/wp-content/themes/logistics/font/logistics3/Flaticon.ttf]
[logipro.freevision.me/wp-content/themes/logistics/font/logistics4/Flaticon.eot]
[logipro.freevision.me/wp-content/themes/logistics/font/logistics3/Flaticon.svg]
[logipro.freevision.me/wp-content/themes/logistics/font/logistics4/Flaticond41d.eot]
[logipro.freevision.me/wp-content/themes/logistics/font/logistics4/Flaticon.woff]
[logipro.freevision.me/wp-content/themes/logistics/font/logistics4/Flaticon.ttf]
[logipro.freevision.me/wp-content/themes/logistics/font/font.min0133.css]
[logipro.freevision.me/wp-content/themes/logistics/css/single-nav0133.css]
[logipro.freevision.me/wp-content/themes/logistics/scripts/fancybox/fancybox_sprite.png]
[logipro.freevision.me/wp-content/themes/logistics/font/logistics4/Flaticon.svg]
[logipro.freevision.me/wp-content/themes/logistics/scripts/fancybox/fancybox_loading.gif]
[logipro.freevision.me/wp-content/themes/logistics/scripts/fancybox/blank.gif]
[logipro.freevision.me/wp-content/themes/logistics/scripts/fancybox/fancybox_overlay.png]
[logipro.freevision.me/wp-content/themes/logistics/scripts/fancybox/jquery.fancybox0133.css]
[logipro.freevision.me/wp-content/themes/logistics/css/flickity.min0133.css]
[logipro.freevision.me/wp-content/themes/logistics/css/animsition.min0133.css]
[logipro.freevision.me/wp-content/themes/logistics/images/telephone.svg]
[logipro.freevision.me/homepages/index.html]
[logipro.freevision.me/wp-json/oembed/1.0/embedf5c0.json]
[logipro.freevision.me/wp-json/oembed/1.0/embed1bb2]
[logistics.freevision.me/wp-content/uploads/2017/05/corporate_bg10f5.jpg]
[logipro.freevision.me/wp-content/uploads/2017/05/shutterstock_521250052-min.jpg]
[logipro.freevision.me/wp-content/uploads/2017/05/shutterstock_406614889-min.jpg]
[logipro.freevision.me/wp-content/uploads/2017/05/shutterstock_418619140-min-1.jpg]
[logipro.freevision.me/wp-content/uploads/2017/05/shutterstock_517914373-min-1.jpg]
[logipro.freevision.me/wp-content/uploads/2017/05/shutterstock_546972535-min.jpg]
[logipro.freevision.me/wp-content/uploads/2017/05/shutterstock_578237932-min-1.jpg]
[logipro.freevision.me/wp-content/uploads/2017/05/shutterstock_284983166-min-1.jpg]
[logipro.freevision.me/wp-content/uploads/2017/05/shutterstock_56203435-min-720x720.jpg]
[logipro.freevision.me/wp-content/uploads/2017/05/shutterstock_252244078-min-720x720.jpg]
[logipro.freevision.me/the-new-face-of-order-fulfillment/index.html]
[logipro.freevision.me/wp-content/uploads/2017/05/shutterstock_532153933-min-720x720.jpg]
[logipro.freevision.me/using-smart-devices-for-barcode-scanning-in-the-warehouse/index.html]
[logipro.freevision.me/wp-content/uploads/2017/05/shutterstock_582793372-min-720x720.jpg]
[logipro.freevision.me/wp-content/uploads/2017/05/shutterstock_517914373-min-720x720.jpg]
[logipro.freevision.me/important-transportation-trends-and-challenges/index.html]
[logipro.freevision.me/wp-content/uploads/2017/05/shutterstock_254016940-min-720x720.jpg]
[logipro.freevision.me/how-to-navigate-todays-complex-landscape/index.html]
[logipro.freevision.me/wp-content/uploads/2017/05/client_logo1.png]
[logipro.freevision.me/logistics-excellence-now-and-in-the-e-future/index.html]
[logipro.freevision.me/wp-content/uploads/2017/05/client_logo2.png]
[logipro.freevision.me/wp-content/uploads/2017/05/client_logo3.png]
[logipro.freevision.me/centralized-routing-fuels-cost-reductions/index.html]
[logipro.freevision.me/wp-content/uploads/2017/05/client_logo4.png]
[logipro.freevision.me/wp-content/uploads/2017/05/shutterstock_551997364-min.jpg]
[logipro.freevision.me/wp-content/themes/logistics/css/fancy-button0133.css]
[logipro.freevision.me/homepages/homepage-business/index.html]
[logipro.freevision.me/wp-content/themes/logistics/scripts/particles/particles.min0133.js]
[logipro.freevision.me/wp-json/oembed/1.0/embedd4c3.json]
[logipro.freevision.me/wp-json/oembed/1.0/embed8f92]
[logistics.freevision.me/wp-content/uploads/2017/06/Fotolia_123609228-min.jpg]
[logistics.freevision.me/wp-content/uploads/2017/06/shutterstock_118101748-min.jpg]
[logistics.freevision.me/wp-content/uploads/2017/06/shutterstock_24833590-min.jpg]
[logistics.freevision.me/wp-content/uploads/2017/06/shutterstock_346609610-min.jpg]
[logipro.freevision.me/wp-content/uploads/2017/05/shutterstock_457113385-min.jpg]
[logipro.freevision.me/wp-content/uploads/2017/06/shutterstock_481159063-min.jpg]
[logipro.freevision.me/wp-content/uploads/2017/06/coctails-min.jpg]
[logipro.freevision.me/wp-content/uploads/2017/06/satellite-min.jpg]
[logipro.freevision.me/wp-content/uploads/2017/06/healtcare-min.jpg]
[logipro.freevision.me/wp-content/uploads/2017/06/shutterstock_54317893-min.jpg]
[logipro.freevision.me/wp-content/uploads/2017/06/office-min.jpg]
[logipro.freevision.me/wp-content/uploads/2017/06/shutterstock_139932922-min.jpg]
[logipro.freevision.me/wp-content/themes/logistics/css/box-controller0133.css]
[logipro.freevision.me/wp-content/plugins/js_composer/assets/css/js_composer_tta.min1e39.css]
[logipro.freevision.me/wp-content/plugins/js_composer/assets/lib/bower/font-awesome/css/v4-shims.min1e39.css]
[logipro.freevision.me/wp-content/plugins/js_composer/assets/lib/bower/font-awesome/css/all.min1e39.css]
[logipro.freevision.me/wp-content/plugins/js_composer/assets/lib/vc_accordion/vc-accordion.min1e39.js]
[logipro.freevision.me/wp-content/plugins/js_composer/assets/lib/vc-tta-autoplay/vc-tta-autoplay.min1e39.js]
[logipro.freevision.me/wp-content/plugins/js_composer/assets/lib/vc_tabs/vc-tabs.min1e39.js]
[logipro.freevision.me/homepages/homepage-creative/index.html]
[logipro.freevision.me/wp-json/oembed/1.0/embedfcd9.json]
[logipro.freevision.me/wp-json/oembed/1.0/embedfd88]
[logistics.freevision.me/wp-content/uploads/2017/06/map_bgd4d2.png]
[logistics.freevision.me/wp-content/uploads/2017/06/pearl_bg.jpg]
[logipro.freevision.me/wp-content/uploads/2017/06/pearl_bg.jpg]
[logistics.freevision.me/wp-content/uploads/2017/06/train-min.png]
[logistics.freevision.me/wp-content/uploads/2017/06/railway_tank-min.png]
[logistics.freevision.me/wp-content/uploads/2017/06/airplane-min.png]
[logistics.freevision.me/wp-content/uploads/2017/06/parcel-min.png]
[logistics.freevision.me/wp-content/uploads/2017/06/40k_container-min.png]
[logistics.freevision.me/wp-content/uploads/2017/06/20k_container-min.png]
[logistics.freevision.me/wp-content/uploads/2017/06/Ship-min.png]
[logistics.freevision.me/wp-content/uploads/2017/06/Truck1-min.png]
[logistics.freevision.me/wp-content/uploads/2017/06/Truck2-min.png]
[logistics.freevision.me/wp-content/uploads/2017/06/Forklift-min.png]
[logistics.freevision.me/wp-content/uploads/2017/06/courier-min.png]
[logipro.freevision.me/wp-content/uploads/2017/05/shutterstock_221041126-min.jpg]
[cdnjs.cloudflare.com/ajax/libs/Chart.js/2.5.0/Chart.min0133.js]
[logipro.freevision.me/wp-content/themes/logistics/scripts/donut-chart/donut-chart0133.js]
[logipro.freevision.me/homepages/homepage-full-canvas/index.html]
[logipro.freevision.me/wp-json/oembed/1.0/embed2997.json]
[logipro.freevision.me/wp-json/oembed/1.0/embed3cac]
[logistics.freevision.me/wp-content/uploads/2017/05/logistics_doodle_bg20d6.png]
[logipro.freevision.me/wp-content/plugins/revslider/admin/assets/images/dummy.png]
[logipro.freevision.me/wp-content/uploads/2017/05/Fotolia_59331963-min.jpg]
[logipro.freevision.me/wp-content/uploads/2017/05/shutterstock_326359325-min.jpg]
[logipro.freevision.me/wp-content/uploads/2017/05/Fotolia_146133457-min.jpg]
[logipro.freevision.me/wp-content/uploads/2017/05/Fotolia_34152038-min.jpg]
[logipro.freevision.me/wp-content/plugins/js_composer/assets/lib/prettyphoto/css/prettyPhoto.min1e39.css]
[logipro.freevision.me/wp-content/plugins/js_composer/assets/lib/owl-carousel2-dist/assets/owl.min1e39.css]
[logipro.freevision.me/wp-content/plugins/js_composer/assets/lib/prettyphoto/js/jquery.prettyPhoto.min1e39.js]
[logipro.freevision.me/wp-content/plugins/js_composer/assets/lib/bower/masonry/dist/masonry.pkgd.min1e39.js]
[logipro.freevision.me/wp-content/plugins/js_composer/assets/lib/owl-carousel2-dist/owl.carousel.min1e39.js]
[logipro.freevision.me/wp-content/plugins/js_composer/assets/lib/bower/imagesloaded/imagesloaded.pkgd.min1e39.js]
[logipro.freevision.me/wp-includes/js/underscore.min4511.js]
[logipro.freevision.me/wp-content/plugins/js_composer/assets/js/dist/vc_grid.min1e39.js]
[code.createjs.com/createjs-2015.11.26.min0133.js]
[logipro.freevision.me/homepages/homepage-compact/index.html]
[logipro.freevision.me/wp-content/themes/logistics/scripts/doodle/doodle0143.js]
[logipro.freevision.me/wp-json/oembed/1.0/embed4021.json]
[logipro.freevision.me/wp-json/oembed/1.0/embed5e14]
[logistics.freevision.me/wp-content/uploads/2017/05/shutterstock_508517617-min0446.jpg]
[logipro.freevision.me/wp-content/uploads/2017/05/Fotolia_146133457-min-350x120.jpg]
[logipro.freevision.me/wp-content/uploads/2017/05/Fotolia_34152038-min-350x120.jpg]
[logipro.freevision.me/an-outside-in-view-of-your-supply-chain-is-imperative/index.html]
[logipro.freevision.me/why-you-need-technology-to-optimize-your-parcel-spend-in-a-constantly-changing-world/index.html]
[logipro.freevision.me/wp-content/uploads/2017/05/why_banner.gif]
[logipro.freevision.me/this-week-in-logistics-news-may-15-21/index.html]
[logipro.freevision.me/logistics-exciting-new-supply-chain-product-strategy/index.html]
[logipro.freevision.me/wp-content/uploads/2017/05/shutterstock_68990731-min.jpg]
[logipro.freevision.me/trucking-execs-are-talking-about-addressing-infrastructure-woes/index.html]
[logipro.freevision.me/wp-content/themes/logistics/css/ticker0133.css]
[logipro.freevision.me/freight-data-is-starting-to-tell-a-pretty-good-story/index.html]
[logipro.freevision.me/wp-content/themes/logistics/scripts/ticker/ticker0133.js]
[logipro.freevision.me/wp-content/themes/logistics/scripts/world-map/world-map0133.js]
[logipro.freevision.me/homepages/homepage-boxed/index.html]
[logipro.freevision.me/wp-json/oembed/1.0/embed4e63.json]
[logipro.freevision.me/wp-json/oembed/1.0/embed3efa]
[logipro.freevision.me/wp-content/uploads/2017/05/Fotolia_120041419-min.jpg]
[logipro.freevision.me/wp-content/themes/logistics/css/row-bottom-arrow0133.css]
[logipro.freevision.me/homepages/homepage-video/index.html]
[logipro.freevision.me/homepages/homepage-video/1111/index.html]
[logipro.freevision.me/wp-json/oembed/1.0/embed69c7.json]
[logipro.freevision.me/wp-json/oembed/1.0/embed4207]
[logistics.freevision.me/wp-content/uploads/2017/05/shutterstock_385231126-mincfe1.jpg]
[logipro.freevision.me/company/index.html]
[logipro.freevision.me/wp-json/oembed/1.0/embed0f5f.json]
[logipro.freevision.me/wp-json/oembed/1.0/embed0249]
[logipro.freevision.me/wp-content/uploads/2017/05/infographics1.png]
[logipro.freevision.me/wp-content/uploads/2017/05/infographics2.png]
[logipro.freevision.me/wp-content/uploads/2017/05/infographics3.png]
[logipro.freevision.me/wp-content/uploads/2017/05/infographics4.png]
[logipro.freevision.me/wp-content/uploads/2017/05/infographics5.png]
[logipro.freevision.me/company/at-a-glance/index.html]
[logipro.freevision.me/wp-json/oembed/1.0/embed888d.json]
[logipro.freevision.me/wp-json/oembed/1.0/embeded5a]
[logipro.freevision.me/wp-content/uploads/2017/05/shutterstock_482735251-min.jpg]
[logipro.freevision.me/company/about-us/index.html]
[logipro.freevision.me/wp-json/oembed/1.0/embeddfed.json]
[logipro.freevision.me/wp-json/oembed/1.0/embede2f9]
[logipro.freevision.me/wp-content/uploads/2017/05/shutterstock_397906843-min.jpg]
[logistics.freevision.me/wp-content/uploads/2017/05/Robert_Mugabe_Signature-300x120.png]
[logipro.freevision.me/company/presidents-message/index.html]
[logistics.freevision.me/wp-content/uploads/2017/05/boardroom.jpg]
[logipro.freevision.me/wp-json/oembed/1.0/embed9113.json]
[logipro.freevision.me/wp-json/oembed/1.0/embed76de]
[logipro.freevision.me/wp-content/uploads/2017/05/shutterstock_52830418-min.jpg]
[logipro.freevision.me/wp-content/uploads/2017/05/Fotolia_96055797-min.jpg]
[logipro.freevision.me/wp-content/uploads/2017/05/Fotolia_62654373-min.jpg]
[logipro.freevision.me/wp-content/uploads/2017/05/Fotolia_55522917-min.jpg]
[logipro.freevision.me/wp-content/uploads/2017/05/Fotolia_3757437-min.jpg]
[logipro.freevision.me/wp-content/uploads/2017/05/Fotolia_36610474-min.jpg]
[logipro.freevision.me/wp-content/uploads/2017/05/Fotolia_33425346-min.jpg]
[logipro.freevision.me/wp-content/uploads/2017/05/Fotolia_10446798-min.jpg]
[logipro.freevision.me/company/management-team/index.html]
[logipro.freevision.me/wp-json/oembed/1.0/embedcbf3.json]
[logipro.freevision.me/wp-json/oembed/1.0/embeddc0e]
[logipro.freevision.me/wp-content/uploads/2017/05/award1.png]
[logipro.freevision.me/wp-content/uploads/2017/05/award2.png]
[logipro.freevision.me/wp-content/uploads/2017/05/award3.png]
[logipro.freevision.me/wp-content/uploads/2017/05/award4.png]
[logipro.freevision.me/wp-content/uploads/2017/05/award5.png]
[logistics.freevision.me/wp-content/uploads/2017/05/award_s.gif]
[logipro.freevision.me/company/awards-accreditations/index.html]
[logipro.freevision.me/wp-json/oembed/1.0/embed435c.json]
[logipro.freevision.me/wp-json/oembed/1.0/embed2acc]
[logipro.freevision.me/wp-content/uploads/2017/05/71434239_20.jpg]
[logipro.freevision.me/wp-content/uploads/2017/05/Fotolia_76915899-min.jpg]
[logipro.freevision.me/company/our-history/index.html]
[logistics.freevision.me/wp-content/uploads/2017/05/shutterstock_482735251-min-2.jpg]
[logipro.freevision.me/wp-json/oembed/1.0/embedac95.json]
[logipro.freevision.me/wp-json/oembed/1.0/embedae7b]
[logipro.freevision.me/company/company-timeline/index.html]
[logistics.freevision.me/wp-content/uploads/2017/05/shutterstock_573812854-min.jpg]
[logipro.freevision.me/wp-json/oembed/1.0/embed7e4b.json]
[logipro.freevision.me/wp-json/oembed/1.0/embed67d9]
[logipro.freevision.me/wp-content/uploads/2017/06/client_logo9.png]
[logipro.freevision.me/wp-content/uploads/2017/06/client_logo3.png]
[logipro.freevision.me/wp-content/uploads/2017/06/client_logo8.png]
[logipro.freevision.me/wp-content/uploads/2017/06/client_logo7.png]
[logipro.freevision.me/wp-content/uploads/2017/06/client_logo5.png]
[logipro.freevision.me/wp-content/uploads/2017/06/client_logo1.png]
[logipro.freevision.me/wp-content/uploads/2017/06/client_logo4.png]
[logipro.freevision.me/wp-content/uploads/2017/06/client_logo6.png]
[logipro.freevision.me/wp-content/uploads/2017/06/client_logo2.png]
[logipro.freevision.me/wp-content/uploads/2017/06/client_logo10.png]
[logipro.freevision.me/company/our-clients/index.html]
[logipro.freevision.me/wp-json/oembed/1.0/embed6817.json]
[logipro.freevision.me/wp-json/oembed/1.0/embedaffe]
[logistics.freevision.me/wp-content/uploads/2017/05/shutterstock_221041126-min-300x200.jpg]
[logipro.freevision.me/wp-includes/js/mediaelement/mediaelementplayer.min51cd.css]
[logipro.freevision.me/wp-includes/js/mediaelement/wp-mediaelement.min0133.css]
[logipro.freevision.me/wp-includes/js/mediaelement/froogaloop.mind5f7.js]
[logipro.freevision.me/wp-includes/js/mediaelement/mediaelement-and-player.min51cd.js]
[logipro.freevision.me/wp-includes/js/mediaelement/wp-mediaelement.min0133.js]
[logipro.freevision.me/company/careers/index.html]
[logipro.freevision.me/wp-json/oembed/1.0/embed16a6.json]
[logipro.freevision.me/wp-json/oembed/1.0/embed7f42]
[logipro.freevision.me/company/testimonials/index.html]
[logipro.freevision.me/wp-json/oembed/1.0/embed58f8.json]
[logipro.freevision.me/wp-json/oembed/1.0/embedfb6b]
[logipro.freevision.me/company/faqs/index.html]
[logipro.freevision.me/wp-json/oembed/1.0/embede7f3.json]
[logipro.freevision.me/wp-json/oembed/1.0/embeda9c9]
[logipro.freevision.me/services/index.html]
[logipro.freevision.me/wp-json/oembed/1.0/embed0b92.json]
[logipro.freevision.me/wp-json/oembed/1.0/embedab38]
[logipro.freevision.me/wp-content/uploads/2017/05/shutterstock_419555833-min.jpg]
[logipro.freevision.me/wp-content/uploads/2017/05/shutterstock_482735251-min-1.jpg]
[logipro.freevision.me/wp-content/uploads/2017/05/shutterstock_578237932-min.jpg]
[logipro.freevision.me/wp-content/uploads/2017/05/shutterstock_81117142-min.jpg]
[logipro.freevision.me/wp-content/uploads/2017/05/shutterstock_489273772-min.jpg]
[logipro.freevision.me/wp-content/uploads/2017/05/shutterstock_252244078-min.jpg]
[logipro.freevision.me/wp-content/uploads/2017/05/Fotolia_50072102-min.jpg]
[logipro.freevision.me/wp-content/plugins/revslider/public/assets/fonts/font-awesome/css/font-awesome.css]
[logipro.freevision.me/wp-content/plugins/js_composer/assets/css/lib/vc-entypo/vc_entypo.min1e39.css]
[logipro.freevision.me/services/services-solutions/index.html]
[logipro.freevision.me/wp-json/oembed/1.0/embed2a41.json]
[logipro.freevision.me/wp-json/oembed/1.0/embeded74]
[logipro.freevision.me/services/ground-freight-services/index.html]
[logipro.freevision.me/wp-json/oembed/1.0/embed1fb8.json]
[logipro.freevision.me/wp-json/oembed/1.0/embed7680]
[logipro.freevision.me/wp-content/uploads/2017/05/shutterstock_129132983-min.jpg]
[logipro.freevision.me/services/air-freight/index.html]
[logipro.freevision.me/wp-json/oembed/1.0/embed09a4.json]
[logipro.freevision.me/wp-json/oembed/1.0/embed4cf9]
[logipro.freevision.me/services/ocean-freight/index.html]
[logipro.freevision.me/wp-json/oembed/1.0/embed7d13.json]
[logipro.freevision.me/wp-json/oembed/1.0/embede76a]
[logipro.freevision.me/wp-content/uploads/2017/05/shutterstock_89041162-min.jpg]
[logipro.freevision.me/services/warehousing-distribution/index.html]
[logipro.freevision.me/wp-json/oembed/1.0/embed2e15.json]
[logipro.freevision.me/wp-json/oembed/1.0/embed1e0d]
[logipro.freevision.me/wp-content/uploads/2017/05/shutterstock_145365187-min.jpg]
[logipro.freevision.me/services/customs-brokerage/index.html]
[logipro.freevision.me/wp-json/oembed/1.0/embed8bd8.json]
[logipro.freevision.me/wp-json/oembed/1.0/embed6b00]
[logipro.freevision.me/wp-content/uploads/2017/05/shutterstock_418619140-min.jpg]
[logipro.freevision.me/services/value-added-services/index.html]
[logistics.freevision.me/wp-content/uploads/2017/05/vehicles.png]
[logipro.freevision.me/wp-json/oembed/1.0/embed14e8.json]
[logipro.freevision.me/wp-json/oembed/1.0/embed84b5]
[logipro.freevision.me/services/vehicles-available/index.html]
[logipro.freevision.me/wp-json/oembed/1.0/embedccf6.json]
[logipro.freevision.me/industries/index.html]
[logipro.freevision.me/wp-json/oembed/1.0/embeda469]
[logistics.freevision.me/wp-content/uploads/2017/05/airplane-min.jpg]
[logipro.freevision.me/wp-json/oembed/1.0/embed0d4d.json]
[logipro.freevision.me/wp-json/oembed/1.0/embed0e0a]
[logipro.freevision.me/wp-content/uploads/2017/05/Fotolia_132687306-min.jpg]
[logipro.freevision.me/industries/aerospace-logistics/index.html]
[logistics.freevision.me/wp-content/uploads/2017/05/Fotolia_70824424-min.jpg]
[logipro.freevision.me/wp-json/oembed/1.0/embed8dbe.json]
[logipro.freevision.me/wp-json/oembed/1.0/embed865e]
[logipro.freevision.me/industries/automotive-logistics/index.html]
[logistics.freevision.me/wp-content/uploads/2017/05/Fotolia_97895509-min.jpg]
[logipro.freevision.me/wp-json/oembed/1.0/embed11c9.json]
[logipro.freevision.me/wp-json/oembed/1.0/embed9017]
[logipro.freevision.me/industries/retail-logistics/index.html]
[logistics.freevision.me/wp-content/uploads/2017/05/Fotolia_128485663-min.jpg]
[logipro.freevision.me/wp-json/oembed/1.0/embed6de7.json]
[logipro.freevision.me/industries/beverage-logistics/index.html]
[logipro.freevision.me/wp-json/oembed/1.0/embedf6c8]
[logistics.freevision.me/wp-content/uploads/2017/05/capsules-min.jpg]
[logipro.freevision.me/wp-json/oembed/1.0/embedd9a2.json]
[logipro.freevision.me/industries/healthcare/index.html]
[logipro.freevision.me/wp-json/oembed/1.0/embedad4c]
[logistics.freevision.me/wp-content/uploads/2017/05/Fotolia_135761242-min.jpg]
[logipro.freevision.me/wp-json/oembed/1.0/embed0252.json]
[logipro.freevision.me/industries/electronics/index.html]
[logipro.freevision.me/wp-json/oembed/1.0/embed2b93]
[logipro.freevision.me/wp-content/themes/logistics/css/countdown.min0133.css]
[logipro.freevision.me/wp-content/themes/logistics/scripts/jquery/countdown0133.js]
[logipro.freevision.me/wp-json/oembed/1.0/embed8917.json]
[logipro.freevision.me/wp-json/oembed/1.0/embed2856]
[logipro.freevision.me/industries/coming-soon-page/index.html]
[logipro.freevision.me/news-media/index.html]
[logipro.freevision.me/wp-json/oembed/1.0/embed0dae.json]
[logipro.freevision.me/wp-content/uploads/2017/05/shutterstock_56203435-min-1144x763.jpg]
[logipro.freevision.me/wp-json/oembed/1.0/embed8a1b]
[logipro.freevision.me/wp-content/uploads/2017/05/shutterstock_56203435-min.jpg]
[logipro.freevision.me/wp-content/themes/logistics/images/right-arrow.svg]
[logipro.freevision.me/wp-content/uploads/2017/05/shutterstock_252244078-min-1144x763.jpg]
[logipro.freevision.me/author/admin/index.html]
[logipro.freevision.me/category/logistics/index.html]
[logipro.freevision.me/wp-content/uploads/2017/05/shutterstock_532153933-min-1144x763.jpg]
[logipro.freevision.me/wp-content/uploads/2017/05/shutterstock_532153933-min.jpg]
[logipro.freevision.me/wp-content/uploads/2017/05/shutterstock_582793372-min-1144x763.jpg]
[logipro.freevision.me/wp-content/uploads/2017/05/shutterstock_582793372-min.jpg]
[logipro.freevision.me/wp-content/uploads/2017/05/shutterstock_517914373-min-1144x763.jpg]
[logipro.freevision.me/wp-content/uploads/2017/05/shutterstock_517914373-min.jpg]
[logipro.freevision.me/wp-content/uploads/2017/05/shutterstock_254016940-min-1144x763.jpg]
[logipro.freevision.me/wp-content/uploads/2017/05/shutterstock_254016940-min.jpg]
[logipro.freevision.me/wp-content/uploads/2017/05/shutterstock_378379462-min-1144x763.jpg]
[logipro.freevision.me/wp-content/uploads/2017/05/shutterstock_378379462-min.jpg]
[logipro.freevision.me/wp-content/uploads/2017/05/shutterstock_579534055-min-1144x763.jpg]
[logipro.freevision.me/wp-content/uploads/2017/05/shutterstock_579534055-min.jpg]
[logipro.freevision.me/wp-content/uploads/2017/05/shutterstock_521862214-min-1144x763.jpg]
[logipro.freevision.me/wp-content/uploads/2017/05/shutterstock_521862214-min.jpg]
[logipro.freevision.me/news-media/blog-regular/index.html]
[logipro.freevision.me/news-media/blog-regular/page/2/index.html]
[logipro.freevision.me/wp-json/oembed/1.0/embed52d4.json]
[logipro.freevision.me/wp-json/oembed/1.0/embedc07f]
[logipro.freevision.me/wp-content/uploads/2017/05/shutterstock_378379462-min-150x150.jpg]
[logipro.freevision.me/wp-content/uploads/2017/05/shutterstock_254016940-min-150x150.jpg]
[logipro.freevision.me/wp-content/uploads/2017/05/shutterstock_249164701-min-150x150.jpg]
[logipro.freevision.me/wp-content/uploads/2017/05/shutterstock_582793372-min-150x150.jpg]
[logipro.freevision.me/wp-content/uploads/2017/05/shutterstock_532153933-min-150x150.jpg]
[logipro.freevision.me/wp-content/uploads/2017/05/shutterstock_521862214-min-150x150.jpg]
[logipro.freevision.me/news-media/blog-regular-with-sidebar/index.html]
[logipro.freevision.me/wp-json/oembed/1.0/embeda2de.json]
[logipro.freevision.me/news-media/blog-regular-with-sidebar/page/2/index.html]
[logipro.freevision.me/news-media/blog-grid/index.html]
[logipro.freevision.me/wp-json/oembed/1.0/embed7656]
[logipro.freevision.me/wp-json/oembed/1.0/embed6cdf.json]
[logipro.freevision.me/wp-json/oembed/1.0/embed4eaa]
[logipro.freevision.me/news-media/masonry-blog/index.html]
[logipro.freevision.me/wp-json/oembed/1.0/embed66e2.json]
[logipro.freevision.me/news-media/media-library-grid/index.html]
[logipro.freevision.me/wp-json/oembed/1.0/embed263f]
[logipro.freevision.me/wp-json/oembed/1.0/embed9a2a.json]
[logipro.freevision.me/wp-json/oembed/1.0/embedd435]
[logipro.freevision.me/news-media/media-library-full-canvas/index.html]
[logipro.freevision.me/wp-json/oembed/1.0/embed59a3.json]
[logipro.freevision.me/contact/index.html]
[logipro.freevision.me/wp-json/oembed/1.0/embed6847]
[logipro.freevision.me/wp-json/oembed/1.0/embed983d.json]
[logipro.freevision.me/wp-json/oembed/1.0/embedf26d]
[logistics.freevision.me/wp-content/uploads/2017/05/Fotolia_6522903-min4532.jpg]
[logipro.freevision.me/wp-content/uploads/2017/05/Fotolia_123496093-min.jpg]
[cdn.jsdelivr.net/gh/googlemaps/v3-utility-library@master/infobox/src/infobox_packed.1b4.delayed]
[logipro.freevision.me/contact/contact-info/index.html]
[logipro.freevision.me/wp-json/oembed/1.0/embedf691.json]
[logipro.freevision.me/wp-json/oembed/1.0/embed68e2]
[logipro.freevision.me/contact/contact-alternate/index.html]
[logipro.freevision.me/wp-json/oembed/1.0/embed8917-2.json]
[logipro.freevision.me/wp-json/oembed/1.0/embeda7bc]
[logipro.freevision.me/contact/global-coverage/index.html]
[logipro.freevision.me/wp-json/oembed/1.0/embed17b4.json]
[logipro.freevision.me/wp-json/oembed/1.0/embed1e1d]
[logipro.freevision.me/contact/global-reach/index.html]
[logipro.freevision.me/wp-json/oembed/1.0/embed47e5.json]
[logipro.freevision.me/contact/office-contact-page/index.html]
[logipro.freevision.me/wp-content/plugins/frv-logistics-essentials/images/right-arrow.svg]
[logipro.freevision.me/wp-json/oembed/1.0/embedefd1]
[logipro.freevision.me/wp-json/oembed/1.0/embed88b5.json]
[logipro.freevision.me/logistics-announces-sea-changers-as-its-charity-of-the-london-boat-show/feed/index.html]
[logipro.freevision.me/wp-json/oembed/1.0/embed8c9e]
[logipro.freevision.me/wp-includes/js/comment-reply.min0133.js]
[logipro.freevision.me/logistics-announces-sea-changers-as-its-charity-of-the-london-boat-show/index.html]
[logipro.freevision.me/category/corporate/index.html]
[logipro.freevision.me/wp-json/oembed/1.0/embedd39b.json]
[logipro.freevision.me/following-the-opening-of-its-london-office-just-a-few-months-ago-worldwide-logistics-company/feed/index.html]
[logipro.freevision.me/following-the-opening-of-its-london-office-just-a-few-months-ago-worldwide-logistics-company/index.html]
[logipro.freevision.me/wp-json/oembed/1.0/embedbd0b]
[logipro.freevision.me/wp-json/oembed/1.0/embed71bf.json]
[logipro.freevision.me/logistics-hamburg-warehousing-park-completed-on-schedule-and-ready-to-operate/feed/index.html]
[logipro.freevision.me/logistics-hamburg-warehousing-park-completed-on-schedule-and-ready-to-operate/index.html]
[logipro.freevision.me/wp-json/oembed/1.0/embed06c0]
[logipro.freevision.me/wp-json/oembed/1.0/embedec00.json]
[logipro.freevision.me/wp-json/oembed/1.0/embed9311]
[logistics.freevision.me/wp-content/uploads/2017/05/shutterstock_249164701-min-300x200.jpg]
[logipro.freevision.me/event/omnichannel-fulfillment-and-logistics-forum/index.html]
[logipro.freevision.me/wp-json/oembed/1.0/embed6f5f.json]
[logipro.freevision.me/event/werc-warehousing-education-and-research-council-conference/index.html]
[logipro.freevision.me/wp-json/oembed/1.0/embed0418]
[logipro.freevision.me/wp-json/oembed/1.0/embedeb4f.json]
[logipro.freevision.me/wp-json/oembed/1.0/embedcc3d]
[logipro.freevision.me/event/procurecon-indirect-east/index.html]
[logipro.freevision.me/wp-json/oembed/1.0/embed317f.json]
[logipro.freevision.me/wp-json/oembed/1.0/embed960f]
[logipro.freevision.me/event/air-cargo-handling-2023-ach-2023/index.html]
[logipro.freevision.me/wp-json/oembed/1.0/embed0937.json]
[logipro.freevision.me/event/5th-pharma-biosciences-conference-2023-cca-2023/index.html]
[logipro.freevision.me/wp-json/oembed/1.0/embed605e.json]
[logipro.freevision.me/wp-json/oembed/1.0/embedba8a]
[logipro.freevision.me/event/retail-supply-chain-conference-2023/index.html]
[logipro.freevision.me/wp-json/oembed/1.0/embed7919]
[logipro.freevision.me/wp-json/oembed/1.0/embeda9b6.json]
[logipro.freevision.me/event/cargo-logistics-canada-expo-conference/index.html]
[logipro.freevision.me/wp-json/oembed/1.0/embed2ad7]
[logipro.freevision.me/wp-json/oembed/1.0/embed1002.json]
[logipro.freevision.me/wp-json/oembed/1.0/embedea23]
[logipro.freevision.me/event/national-retail-federation-annual-convention-expo/index.html]
[logipro.freevision.me/wp-json/oembed/1.0/embed4529.json]
[logipro.freevision.me/wp-json/oembed/1.0/embeddd81]
[logipro.freevision.me/event/south-east-european-exhibition-and-congress-energy-efficiency-and-renewable-energy/index.html]
[logipro.freevision.me/wp-json/oembed/1.0/embed1c54.json]
[logipro.freevision.me/wp-json/oembed/1.0/embed9c61]
[logipro.freevision.me/event/supply-chain-innovation-summit-2023-china-focus/index.html]
[logipro.freevision.me/wp-json/oembed/1.0/embed9994.json]
[logipro.freevision.me/wp-json/oembed/1.0/embed0e61]
[logipro.freevision.me/event/vci-fashion-luxury-supply-chain-leaders-round-table-2023/index.html]
[logipro.freevision.me/wp-json/oembed/1.0/embed8850.json]
[logipro.freevision.me/wp-json/oembed/1.0/embed4226]
[logipro.freevision.me/event/eurasia-rail-international-rolling-stock-infrastructure-and-logistics-exhibition-eurasia-rail-2023-exhibition/index.html]
[logipro.freevision.me/wp-content/plugins/mailchimp-widget/images/right-arrow.svg]
[logipro.freevision.me/wp-content/themes/logistics/images/up-arrow.svg]
[logipro.freevision.me/wp-content/themes/logistics/images/up-arrow-2.svg]
[logipro.freevision.me/wp-content/plugins/js_composer/assets/lib/bower/animate-css/animate.min1e39.css]
[logipro.freevision.me/wp-content/plugins/js_composer/assets/css/lib/vc-material/fonts/vc_material7ffd.ttf]
[logipro.freevision.me/wp-content/plugins/js_composer/assets/css/lib/vc-material/fonts/vc_material7ffd.woff]
[logipro.freevision.me/wp-content/plugins/js_composer/assets/css/lib/vc-material/vc_material.min1e39.css]
[logipro.freevision.me/wp-content/plugins/revslider/public/assets/fonts/revicons/revicons90c6.svg]
[logipro.freevision.me/wp-content/plugins/js_composer/assets/fonts/vc_icons_v2/fonts/vcpb-plugin-iconsb82a.svg]
[logipro.freevision.me/wp-content/plugins/js_composer/assets/vc/blur.svg]
[logipro.freevision.me/wp-content/plugins/js_composer/assets/fonts/vc_grid/vc_grid_v157a1.svg]
[logipro.freevision.me/wp-content/themes/logistics/font/mono/MonoSocialIconsFont-1.10.svg]
[logipro.freevision.me/wp-content/plugins/js_composer/assets/css/lib/vc-material/fonts/vc_material7ffd.svg]
[logipro.freevision.me/wp-content/themes/logistics/font/ozy/fonts/ozythemes.svg]
[logipro.freevision.me/wp-content/themes/logistics/font/logistics1/Flaticon.svg]
[logipro.freevision.me/wp-content/themes/logistics/font/logistics2/Flaticon.svg]
[logipro.freevision.me/wp-content/themes/logistics/font/logistics3/Flaticon.svg]
[logipro.freevision.me/wp-content/themes/logistics/font/logistics4/Flaticon.svg]
[logipro.freevision.me/indexb648.html]
[logipro.freevision.me/wp-json/oembed/1.0/embedf505.json]
[logipro.freevision.me/the-new-face-of-order-fulfillment/feed/index.html]
[logipro.freevision.me/wp-json/oembed/1.0/embed8635]
[logistics.freevision.me/wp-content/uploads/2016/05/shutterstock_421583941-min-300x213.jpg]
[logistics.freevision.me/wp-content/uploads/2016/05/shutterstock_185659925-min-300x213.jpg]
[logipro.freevision.me/wp-content/uploads/2017/05/shutterstock_252244078-min-300x200.jpg]
[logipro.freevision.me/the-new-face-of-order-fulfillment/index.html]
[logipro.freevision.me/tag/barcode/index.html]
[logipro.freevision.me/tag/routing/index.html]
[logipro.freevision.me/tag/transportation/index.html]
[logipro.freevision.me/wp-json/oembed/1.0/embed6cea.json]
[logipro.freevision.me/tag/warehouse/index.html]
[logipro.freevision.me/wp-json/oembed/1.0/embedc557]
[logipro.freevision.me/the-new-face-of-order-fulfillment/index3094.html]
[logipro.freevision.me/using-smart-devices-for-barcode-scanning-in-the-warehouse/feed/index.html]
[logipro.freevision.me/the-new-face-of-order-fulfillment/index0e22.html]
[logipro.freevision.me/wp-content/uploads/2017/05/shutterstock_532153933-min-300x200.jpg]
[logipro.freevision.me/using-smart-devices-for-barcode-scanning-in-the-warehouse/index.html]
[logipro.freevision.me/using-smart-devices-for-barcode-scanning-in-the-warehouse/index267f.html]
[logipro.freevision.me/wp-json/oembed/1.0/embed5abb.json]
[logipro.freevision.me/using-smart-devices-for-barcode-scanning-in-the-warehouse/index94a5.html]
[logipro.freevision.me/important-transportation-trends-and-challenges/feed/index.html]
[logipro.freevision.me/using-smart-devices-for-barcode-scanning-in-the-warehouse/index41b7.html]
[logipro.freevision.me/wp-json/oembed/1.0/embed470d]
[logipro.freevision.me/wp-content/uploads/2017/05/shutterstock_582793372-min-300x200.jpg]
[logipro.freevision.me/important-transportation-trends-and-challenges/index.html]
[logipro.freevision.me/tag/trends/index.html]
[logipro.freevision.me/important-transportation-trends-and-challenges/indexfc06.html]
[logipro.freevision.me/wp-json/oembed/1.0/embed7fa0.json]
[logipro.freevision.me/how-to-navigate-todays-complex-landscape/feed/index.html]
[logipro.freevision.me/wp-json/oembed/1.0/embedec8c]
[logipro.freevision.me/wp-content/uploads/2017/05/shutterstock_517914373-min-300x200.jpg]
[logipro.freevision.me/how-to-navigate-todays-complex-landscape/index.html]
[logipro.freevision.me/tag/cost/index.html]
[logipro.freevision.me/wp-json/oembed/1.0/embedfd61.json]
[logipro.freevision.me/tag/supply/index.html]
[logipro.freevision.me/wp-json/oembed/1.0/embede50f]
[logipro.freevision.me/tag/trucking/index.html]
[logipro.freevision.me/how-to-navigate-todays-complex-landscape/index6944.html]
[logipro.freevision.me/logistics-excellence-now-and-in-the-e-future/feed/index.html]
[logipro.freevision.me/wp-content/uploads/2017/05/shutterstock_254016940-min-300x200.jpg]
[logipro.freevision.me/logistics-excellence-now-and-in-the-e-future/index.html]
[logipro.freevision.me/tag/technology/index.html]
[logipro.freevision.me/tag/logistics/index.html]
[logipro.freevision.me/tag/parcel/index.html]
[logipro.freevision.me/wp-json/oembed/1.0/embed2172.json]
[logipro.freevision.me/tag/world/index.html]
[logipro.freevision.me/centralized-routing-fuels-cost-reductions/feed/index.html]
[logipro.freevision.me/wp-json/oembed/1.0/embed35e8]
[logipro.freevision.me/wp-content/uploads/2017/05/shutterstock_378379462-min-300x200.jpg]
[logipro.freevision.me/centralized-routing-fuels-cost-reductions/index.html]
[logipro.freevision.me/wp-content/themes/logistics/css/fancy-button0133.css]
[logipro.freevision.me/index2ba6.html]
[logipro.freevision.me/wp-content/themes/logistics/css/box-controller0133.css]
[logipro.freevision.me/wp-content/plugins/js_composer/assets/css/js_composer_tta.min1e39.css]
[logipro.freevision.me/wp-content/plugins/js_composer/assets/lib/bower/font-awesome/css/v4-shims.min1e39.css]
[logipro.freevision.me/centralized-routing-fuels-cost-reductions/index04d3.html]
[logipro.freevision.me/centralized-routing-fuels-cost-reductions/indexa858.html]
[logipro.freevision.me/centralized-routing-fuels-cost-reductions/indexfa40.html]
[logipro.freevision.me/wp-content/plugins/js_composer/assets/lib/bower/font-awesome/webfonts/fa-brands-400.eot]
[logipro.freevision.me/wp-content/plugins/js_composer/assets/lib/bower/font-awesome/webfonts/fa-brands-400d41d.eot]
[logipro.freevision.me/wp-content/plugins/js_composer/assets/lib/bower/font-awesome/webfonts/fa-brands-400.woff2]
[logipro.freevision.me/wp-content/plugins/js_composer/assets/lib/bower/font-awesome/webfonts/fa-brands-400.woff]
[logipro.freevision.me/wp-content/plugins/js_composer/assets/lib/bower/font-awesome/webfonts/fa-brands-400.ttf]
[logipro.freevision.me/wp-content/plugins/js_composer/assets/lib/bower/font-awesome/webfonts/fa-regular-400.eot]
[logipro.freevision.me/wp-content/plugins/js_composer/assets/lib/bower/font-awesome/webfonts/fa-regular-400d41d.eot]
[logipro.freevision.me/wp-content/plugins/js_composer/assets/lib/bower/font-awesome/webfonts/fa-brands-400.svg]
[logipro.freevision.me/wp-content/plugins/js_composer/assets/lib/bower/font-awesome/webfonts/fa-regular-400.woff2]
[logipro.freevision.me/wp-content/plugins/js_composer/assets/lib/bower/font-awesome/webfonts/fa-regular-400.woff]
[logipro.freevision.me/wp-content/plugins/js_composer/assets/lib/bower/font-awesome/webfonts/fa-regular-400.ttf]
[logipro.freevision.me/wp-content/plugins/js_composer/assets/lib/bower/font-awesome/webfonts/fa-regular-400.svg]
[logipro.freevision.me/wp-content/plugins/js_composer/assets/lib/bower/font-awesome/webfonts/fa-solid-900.eot]
[logipro.freevision.me/wp-content/plugins/js_composer/assets/lib/bower/font-awesome/webfonts/fa-solid-900d41d.eot]
[logipro.freevision.me/wp-content/plugins/js_composer/assets/lib/bower/font-awesome/webfonts/fa-solid-900.woff2]
[logipro.freevision.me/wp-content/plugins/js_composer/assets/lib/bower/font-awesome/webfonts/fa-solid-900.woff]
[logipro.freevision.me/wp-content/plugins/js_composer/assets/lib/bower/font-awesome/webfonts/fa-solid-900.ttf]
[logipro.freevision.me/wp-content/plugins/js_composer/assets/lib/bower/font-awesome/css/all.min1e39.css]
[logipro.freevision.me/index4511.html]
[logipro.freevision.me/indexea31.html]
[logipro.freevision.me/wp-content/plugins/js_composer/assets/lib/prettyphoto/images/prettyPhoto/default/sprite.png]
[logipro.freevision.me/wp-content/plugins/js_composer/assets/lib/bower/font-awesome/webfonts/fa-solid-900.svg]
[logipro.freevision.me/wp-content/plugins/js_composer/assets/lib/prettyphoto/images/prettyPhoto/default/sprite_x.png]
[logipro.freevision.me/wp-content/plugins/js_composer/assets/lib/prettyphoto/images/prettyPhoto/default/sprite_y.png]
[logipro.freevision.me/wp-content/plugins/js_composer/assets/lib/prettyphoto/images/prettyPhoto/default/sprite_next.png]
[logipro.freevision.me/wp-content/plugins/js_composer/assets/lib/prettyphoto/images/prettyPhoto/default/sprite_prev.png]
[logipro.freevision.me/wp-content/plugins/js_composer/assets/lib/prettyphoto/images/prettyPhoto/default/default_thumb.png]
[logipro.freevision.me/wp-content/plugins/js_composer/assets/lib/prettyphoto/images/prettyPhoto/default/loader.gif]
[logipro.freevision.me/wp-content/plugins/js_composer/assets/lib/prettyphoto/images/prettyPhoto/light_rounded/sprite.png]
[logipro.freevision.me/wp-content/plugins/js_composer/assets/lib/prettyphoto/images/prettyPhoto/light_rounded/btnNext.png]
[logipro.freevision.me/wp-content/plugins/js_composer/assets/lib/prettyphoto/images/prettyPhoto/light_rounded/btnPrevious.png]
[logipro.freevision.me/wp-content/plugins/js_composer/assets/lib/prettyphoto/images/prettyPhoto/light_rounded/loader.gif]
[logipro.freevision.me/wp-content/plugins/js_composer/assets/lib/prettyphoto/images/prettyPhoto/dark_rounded/sprite.png]
[logipro.freevision.me/wp-content/plugins/js_composer/assets/lib/prettyphoto/images/prettyPhoto/dark_rounded/contentPattern.png]
[logipro.freevision.me/wp-content/plugins/js_composer/assets/lib/prettyphoto/images/prettyPhoto/dark_rounded/btnNext.png]
[logipro.freevision.me/wp-content/plugins/js_composer/assets/lib/prettyphoto/images/prettyPhoto/dark_rounded/btnPrevious.png]
[logipro.freevision.me/wp-content/plugins/js_composer/assets/lib/prettyphoto/images/prettyPhoto/dark_rounded/loader.gif]
[logipro.freevision.me/wp-content/plugins/js_composer/assets/lib/prettyphoto/images/prettyPhoto/dark_square/loader.gif]
[logipro.freevision.me/wp-content/plugins/js_composer/assets/lib/prettyphoto/images/prettyPhoto/dark_square/sprite.png]
[logipro.freevision.me/wp-content/plugins/js_composer/assets/lib/prettyphoto/images/prettyPhoto/dark_square/btnNext.png]
[logipro.freevision.me/wp-content/plugins/js_composer/assets/lib/prettyphoto/images/prettyPhoto/dark_square/btnPrevious.png]
[logipro.freevision.me/wp-content/plugins/js_composer/assets/lib/prettyphoto/images/prettyPhoto/light_square/sprite.png]
[logipro.freevision.me/wp-content/plugins/js_composer/assets/lib/prettyphoto/images/prettyPhoto/light_square/btnNext.png]
[logipro.freevision.me/wp-content/plugins/js_composer/assets/lib/prettyphoto/images/prettyPhoto/light_square/btnPrevious.png]
[logipro.freevision.me/wp-content/plugins/js_composer/assets/lib/prettyphoto/images/prettyPhoto/facebook/sprite.png]
[logipro.freevision.me/wp-content/plugins/js_composer/assets/lib/prettyphoto/images/prettyPhoto/facebook/contentPatternTop.png]
[logipro.freevision.me/wp-content/plugins/js_composer/assets/lib/prettyphoto/images/prettyPhoto/facebook/contentPatternLeft.png]
[logipro.freevision.me/wp-content/plugins/js_composer/assets/lib/prettyphoto/images/prettyPhoto/facebook/contentPatternRight.png]
[logipro.freevision.me/wp-content/plugins/js_composer/assets/lib/prettyphoto/images/prettyPhoto/facebook/loader.gif]
[logipro.freevision.me/wp-content/plugins/js_composer/assets/lib/prettyphoto/images/prettyPhoto/facebook/btnNext.png]
[logipro.freevision.me/wp-content/plugins/js_composer/assets/lib/prettyphoto/images/prettyPhoto/facebook/btnPrevious.png]
[logipro.freevision.me/wp-content/plugins/js_composer/assets/lib/prettyphoto/images/prettyPhoto/facebook/contentPatternBottom.png]
[logipro.freevision.me/wp-content/plugins/js_composer/assets/lib/prettyphoto/images/prettyPhoto/facebook/default_thumbnail.gif]
[logipro.freevision.me/wp-content/plugins/js_composer/assets/lib/prettyphoto/css/prettyPhoto.min1e39.css]
[logipro.freevision.me/wp-content/plugins/js_composer/assets/lib/owl-carousel2-dist/assets/owl.video.play.png]
[logipro.freevision.me/wp-content/plugins/js_composer/assets/lib/owl-carousel2-dist/assets/owl.min1e39.css]
[logipro.freevision.me/index9a65.html]
[logipro.freevision.me/wp-json/oembed/1.0/embedbb44.json]
[logipro.freevision.me/an-outside-in-view-of-your-supply-chain-is-imperative/feed/index.html]
[logipro.freevision.me/wp-json/oembed/1.0/embed01bb]
[logipro.freevision.me/wp-content/uploads/2017/05/shutterstock_579534055-min-300x200.jpg]
[logipro.freevision.me/an-outside-in-view-of-your-supply-chain-is-imperative/index.html]
[logipro.freevision.me/tag/strategy/index.html]
[logipro.freevision.me/tag/freight/index.html]
[logipro.freevision.me/wp-json/oembed/1.0/embed314a.json]
[logipro.freevision.me/tag/infrastructure/index.html]
[logipro.freevision.me/an-outside-in-view-of-your-supply-chain-is-imperative/index360b.html]
[logipro.freevision.me/wp-json/oembed/1.0/embed3ece]
[logipro.freevision.me/an-outside-in-view-of-your-supply-chain-is-imperative/index8528.html]
[logipro.freevision.me/wp-content/uploads/2017/05/shutterstock_521862214-min-300x200.jpg]
[logipro.freevision.me/why-you-need-technology-to-optimize-your-parcel-spend-in-a-constantly-changing-world/index.html]
[logipro.freevision.me/an-outside-in-view-of-your-supply-chain-is-imperative/index6f0d.html]
[logipro.freevision.me/why-you-need-technology-to-optimize-your-parcel-spend-in-a-constantly-changing-world/feed/index.html]
[logipro.freevision.me/wp-json/oembed/1.0/embed0912.json]
[logipro.freevision.me/why-you-need-technology-to-optimize-your-parcel-spend-in-a-constantly-changing-world/indexa79a.html]
[logipro.freevision.me/logistics-exciting-new-supply-chain-product-strategy/feed/index.html]
[logipro.freevision.me/wp-json/oembed/1.0/embed3677]
[logipro.freevision.me/wp-content/uploads/2017/05/shutterstock_420743128-min-300x200.jpg]
[logipro.freevision.me/logistics-exciting-new-supply-chain-product-strategy/index.html]
[logipro.freevision.me/logistics-exciting-new-supply-chain-product-strategy/indexb951.html]
[logipro.freevision.me/wp-json/oembed/1.0/embedaac6.json]
[logipro.freevision.me/this-week-in-logistics-news-may-15-21/feed/index.html]
[logipro.freevision.me/wp-json/oembed/1.0/embedfa26]
[logipro.freevision.me/wp-content/uploads/2017/05/shutterstock_500583751-min-300x200.jpg]
[logipro.freevision.me/wp-content/uploads/2017/05/shutterstock_420743128-min.jpg]
[logipro.freevision.me/this-week-in-logistics-news-may-15-21/index.html]
[logipro.freevision.me/this-week-in-logistics-news-may-15-21/index5a86.html]
[logipro.freevision.me/wp-json/oembed/1.0/embed7f02.json]
[logipro.freevision.me/this-week-in-logistics-news-may-15-21/indexa82a.html]
[logipro.freevision.me/trucking-execs-are-talking-about-addressing-infrastructure-woes/feed/index.html]
[logipro.freevision.me/wp-json/oembed/1.0/embed81df]
[logipro.freevision.me/wp-content/uploads/2017/05/shutterstock_249164701-min-300x200.jpg]
[logipro.freevision.me/wp-content/uploads/2017/05/shutterstock_500583751-min.jpg]
[logipro.freevision.me/trucking-execs-are-talking-about-addressing-infrastructure-woes/index.html]
[logipro.freevision.me/trucking-execs-are-talking-about-addressing-infrastructure-woes/index06ab.html]
[logipro.freevision.me/trucking-execs-are-talking-about-addressing-infrastructure-woes/indexf970.html]
[logipro.freevision.me/wp-json/oembed/1.0/embed0f1d.json]
[logipro.freevision.me/freight-data-is-starting-to-tell-a-pretty-good-story/feed/index.html]
[logipro.freevision.me/wp-json/oembed/1.0/embed6e2c]
[logipro.freevision.me/wp-content/uploads/2017/05/shutterstock_249164701-min.jpg]
[logipro.freevision.me/freight-data-is-starting-to-tell-a-pretty-good-story/index.html]
[logipro.freevision.me/wp-content/themes/logistics/css/ticker0133.css]
[logipro.freevision.me/index0e01.html]
[logipro.freevision.me/freight-data-is-starting-to-tell-a-pretty-good-story/index21b4.html]
[logipro.freevision.me/freight-data-is-starting-to-tell-a-pretty-good-story/index8e42.html]
[logipro.freevision.me/homepages/homepage-video/1111/1111]
[logipro.freevision.me/homepages/homepage-video/1111/index.html]
[logipro.freevision.me/wp-content/themes/logistics/css/-ms-transform.htc]
[logipro.freevision.me/wp-content/themes/logistics/css/row-bottom-arrow0133.css]
[logipro.freevision.me/index2af5.html]
[logipro.freevision.me/index3116.html]
[logipro.freevision.me/index1641.html]
[logipro.freevision.me/index4bd3.html]
[logipro.freevision.me/indexf9ae.html]
[logipro.freevision.me/index6150.html]
[logipro.freevision.me/indexf689.html]
[logipro.freevision.me/indexd0d3.html]
[logipro.freevision.me/index0e6c.html]
[logipro.freevision.me/indexe0b9.html]
[logipro.freevision.me/wp-includes/js/mediaelement/bigplay.svg]
[logipro.freevision.me/wp-includes/js/mediaelement/bigplay.png]
[logipro.freevision.me/wp-includes/js/mediaelement/background.png]
[logipro.freevision.me/wp-includes/js/mediaelement/loading.gif]
[logipro.freevision.me/wp-includes/js/mediaelement/controls.svg]
[logipro.freevision.me/wp-includes/js/mediaelement/controls.png]
[logipro.freevision.me/wp-includes/js/mediaelement/jumpforward.png]
[logipro.freevision.me/wp-includes/js/mediaelement/skipback.png]
[logipro.freevision.me/wp-includes/js/mediaelement/mediaelementplayer.min51cd.css]
[logipro.freevision.me/wp-includes/js/mediaelement/wp-mediaelement.min0133.css]
[logipro.freevision.me/index2b62.html]
[logipro.freevision.me/indexc5f9.html]
[logipro.freevision.me/indexe2aa.html]
[logipro.freevision.me/indexfbd5.html]
[logipro.freevision.me/wp-content/plugins/revslider/public/assets/fonts/font-awesome/fonts/fontawesome-webfont3e6e.eot]
[logipro.freevision.me/wp-content/plugins/revslider/public/assets/fonts/font-awesome/fonts/fontawesome-webfontd41d.eot]
[logipro.freevision.me/wp-content/plugins/revslider/public/assets/fonts/font-awesome/fonts/fontawesome-webfont3e6e.woff2]
[logipro.freevision.me/wp-content/plugins/revslider/public/assets/fonts/font-awesome/fonts/fontawesome-webfont3e6e.woff]
[logipro.freevision.me/wp-content/plugins/revslider/public/assets/fonts/font-awesome/fonts/fontawesome-webfont3e6e.ttf]
[logipro.freevision.me/wp-content/plugins/revslider/public/assets/fonts/font-awesome/css/font-awesome.css]
[logipro.freevision.me/wp-content/plugins/revslider/public/assets/fonts/font-awesome/fonts/fontawesome-webfont3e6e.svg]
[logipro.freevision.me/wp-content/plugins/js_composer/assets/css/lib/vc-entypo/fonts/vc_entypo.eot]
[logipro.freevision.me/wp-content/plugins/js_composer/assets/css/lib/vc-entypo/fonts/vc_entypod41d.eot]
[logipro.freevision.me/wp-content/plugins/js_composer/assets/css/lib/vc-entypo/fonts/vc_entypo.woff]
[logipro.freevision.me/wp-content/plugins/js_composer/assets/css/lib/vc-entypo/fonts/vc_entypo.ttf]
[logipro.freevision.me/wp-content/plugins/js_composer/assets/css/lib/vc-entypo/vc_entypo.min1e39.css]
[logipro.freevision.me/wp-content/plugins/js_composer/assets/css/lib/vc-entypo/fonts/vc_entypo.svg]
[logipro.freevision.me/index9f0a.html]
[logipro.freevision.me/index40e6.html]
[logipro.freevision.me/indexd519.html]
[logipro.freevision.me/indexfcc0.html]
[logipro.freevision.me/index42fe.html]
[logipro.freevision.me/indexc31c.html]
[logipro.freevision.me/indexd526.html]
[logipro.freevision.me/index3e8e.html]
[logipro.freevision.me/indexa040.html]
[logipro.freevision.me/index0a18.html]
[logipro.freevision.me/indexcfab.html]
[logipro.freevision.me/indexfe50.html]
[logipro.freevision.me/index475a.html]
[logipro.freevision.me/index5b8d.html]
[logipro.freevision.me/wp-content/themes/logistics/css/countdown.min0133.css]
[logipro.freevision.me/indexd108.html]
[logipro.freevision.me/index8c34.html]
[logipro.freevision.me/wp-content/uploads/2017/05/shutterstock_420743128-min-1144x763.jpg]
[logipro.freevision.me/author/admin/index.html]
[logipro.freevision.me/category/logistics/index.html]
[logipro.freevision.me/author/admin/feed/index.html]
[logipro.freevision.me/category/logistics/feed/index.html]
[logipro.freevision.me/author/admin/page/2/index.html]
[logipro.freevision.me/wp-content/themes/logistics/images/right-arrow.svg]
[logipro.freevision.me/wp-content/uploads/2017/05/shutterstock_500583751-min-1144x763.jpg]
[logipro.freevision.me/category/logistics/page/2/index.html]
[logipro.freevision.me/wp-content/uploads/2017/05/shutterstock_249164701-min-1144x763.jpg]
[logipro.freevision.me/news-media/blog-regular/page/2/index.html]
[logipro.freevision.me/index7d69.html]
[logipro.freevision.me/news-media/blog-regular-with-sidebar/page/2/index.html]
[logipro.freevision.me/index0ced.html]
[logipro.freevision.me/index424e.html]
[logipro.freevision.me/index3dea.html]
[logipro.freevision.me/index46ad.html]
[logipro.freevision.me/index65a9.html]
[logipro.freevision.me/indexa180.html]
[cdn.jsdelivr.net/gh/googlemaps/v3-utility-library@master/infobox/src/infobox_packed.js]
[logipro.freevision.me/index21b4.html]
[logipro.freevision.me/indexb4ec.html]
[logipro.freevision.me/index8e48.html]
[logipro.freevision.me/index739f.html]
[logipro.freevision.me/index8ed7.html]
[logipro.freevision.me/category/corporate/index.html]
[logipro.freevision.me/index648c.html]
[logipro.freevision.me/index2cce.html]
[logipro.freevision.me/indexf3dd.html]
[logipro.freevision.me/index905c.html]
[logipro.freevision.me/index0114.html]
[logipro.freevision.me/indexe4c6.html]
[logipro.freevision.me/index4e6a.html]
[logipro.freevision.me/indexc140.html]
[logipro.freevision.me/index1e11.html]
[logipro.freevision.me/indexcb89.html]
[logipro.freevision.me/indexc39e.html]
[logipro.freevision.me/index6452.html]
[logipro.freevision.me/index5721.html]
[logipro.freevision.me/index5051.html]
[logipro.freevision.me/wp-content/plugins/js_composer/assets/css/lib/vc-material/fonts/vc_material7ffd.svg]
[logipro.freevision.me/indexc544.html]
[logipro.freevision.me/tag/barcode/index.html]
[logipro.freevision.me/tag/routing/index.html]
[logipro.freevision.me/tag/transportation/index.html]
[logipro.freevision.me/category/corporate/feed/index.html]
[logipro.freevision.me/tag/warehouse/index.html]
[logipro.freevision.me/tag/routing/feed/index.html]
[logipro.freevision.me/tag/barcode/feed/index.html]
[logipro.freevision.me/tag/warehouse/feed/index.html]
[logipro.freevision.me/tag/transportation/feed/index.html]
[logipro.freevision.me/the-new-face-of-order-fulfillment/index0e22.html]
[logipro.freevision.me/the-new-face-of-order-fulfillment/index3094.html]
[logipro.freevision.me/indexb773.html]
[logipro.freevision.me/using-smart-devices-for-barcode-scanning-in-the-warehouse/index267f.html]
[logipro.freevision.me/using-smart-devices-for-barcode-scanning-in-the-warehouse/index41b7.html]
[logipro.freevision.me/using-smart-devices-for-barcode-scanning-in-the-warehouse/index94a5.html]
[logipro.freevision.me/index03bd.html]
[logipro.freevision.me/tag/trends/index.html]
[logipro.freevision.me/important-transportation-trends-and-challenges/indexfc06.html]
[logipro.freevision.me/index6233.html]
[logipro.freevision.me/tag/cost/index.html]
[logipro.freevision.me/tag/supply/index.html]
[logipro.freevision.me/tag/trends/feed/index.html]
[logipro.freevision.me/tag/trucking/index.html]
[logipro.freevision.me/tag/cost/feed/index.html]
[logipro.freevision.me/tag/supply/feed/index.html]
[logipro.freevision.me/how-to-navigate-todays-complex-landscape/index6944.html]
[logipro.freevision.me/indexa943.html]
[logipro.freevision.me/tag/logistics/index.html]
[logipro.freevision.me/tag/trucking/feed/index.html]
[logipro.freevision.me/tag/parcel/index.html]
[logipro.freevision.me/tag/technology/index.html]
[logipro.freevision.me/tag/logistics/feed/index.html]
[logipro.freevision.me/tag/world/index.html]
[logipro.freevision.me/tag/parcel/feed/index.html]
[logipro.freevision.me/tag/technology/feed/index.html]
[logipro.freevision.me/indexc807.html]
[logipro.freevision.me/tag/world/feed/index.html]
[logipro.freevision.me/centralized-routing-fuels-cost-reductions/indexa858.html]
[logipro.freevision.me/centralized-routing-fuels-cost-reductions/index04d3.html]
[logipro.freevision.me/centralized-routing-fuels-cost-reductions/indexfa40.html]
[logipro.freevision.me/wp-content/plugins/js_composer/assets/lib/bower/font-awesome/webfonts/fa-brands-400.svg]
[logipro.freevision.me/wp-content/plugins/js_composer/assets/lib/bower/font-awesome/webfonts/fa-regular-400.svg]
[logipro.freevision.me/wp-content/plugins/js_composer/assets/lib/bower/font-awesome/webfonts/fa-solid-900.svg]
[logipro.freevision.me/indexcf9a.html]
[logipro.freevision.me/tag/freight/index.html]
[logipro.freevision.me/tag/infrastructure/index.html]
[logipro.freevision.me/tag/strategy/index.html]
[logipro.freevision.me/tag/freight/feed/index.html]
[logipro.freevision.me/an-outside-in-view-of-your-supply-chain-is-imperative/index360b.html]
[logipro.freevision.me/an-outside-in-view-of-your-supply-chain-is-imperative/index8528.html]
[logipro.freevision.me/an-outside-in-view-of-your-supply-chain-is-imperative/index6f0d.html]
[logipro.freevision.me/index88a0.html]
[logipro.freevision.me/why-you-need-technology-to-optimize-your-parcel-spend-in-a-constantly-changing-world/indexa79a.html]
[logipro.freevision.me/index4978.html]
[logipro.freevision.me/logistics-exciting-new-supply-chain-product-strategy/indexb951.html]
[logipro.freevision.me/indexa8b8.html]
[logipro.freevision.me/this-week-in-logistics-news-may-15-21/index5a86.html]
[logipro.freevision.me/this-week-in-logistics-news-may-15-21/indexa82a.html]
[logipro.freevision.me/index1639.html]
[logipro.freevision.me/trucking-execs-are-talking-about-addressing-infrastructure-woes/index06ab.html]
[logipro.freevision.me/trucking-execs-are-talking-about-addressing-infrastructure-woes/indexf970.html]
[logipro.freevision.me/index6eea.html]
[logipro.freevision.me/freight-data-is-starting-to-tell-a-pretty-good-story/index21b4.html]
[logipro.freevision.me/freight-data-is-starting-to-tell-a-pretty-good-story/index8e42.html]
[logipro.freevision.me/homepages/homepage-video/1111/1111.html]
[logipro.freevision.me/wp-content/themes/logistics/css/-ms-transform.html]
[logipro.freevision.me/wp-includes/js/mediaelement/bigplay.svg]
[logipro.freevision.me/wp-includes/js/mediaelement/controls.svg]
[logipro.freevision.me/tag/infrastructure/feed/index.html]
[logipro.freevision.me/tag/strategy/feed/index.html]
[logipro.freevision.me/wp-content/plugins/revslider/public/assets/fonts/font-awesome/fonts/fontawesome-webfont3e6e.svg]
[logipro.freevision.me/wp-content/plugins/js_composer/assets/css/lib/vc-entypo/fonts/vc_entypo.svg]
[logipro.freevision.me/author/admin/page/2/index.html]
[logipro.freevision.me/category/logistics/page/2/index.html]
